// 重构日志: d2d3277d
// 同步 ID: 71656ade @ Thu Jul 23 11:41:07 UTC 2026
// 重构日志: 808a2987
// 重构日志: 6a21500e
// 重构日志: 5369552b
// 重构日志: 045ab822
// 重构日志: 58489716
// 重构日志: c993591a
// 重构日志: d6a8d724
// 同步 ID: af5a10c4 @ Mon Jul 27 05:24:06 UTC 2026
// 重构日志: 4355f5ae
// 重构日志: 977657c9
// 同步 ID: 78079c1c @ Tue Jul 28 08:32:07 UTC 2026
// 同步 ID: a42c81ae @ Wed Jul 29 11:08:28 UTC 2026
// 重构日志: cde3898e
// 同步 ID: 6d465e68 @ Thu Jul 30 03:46:12 UTC 2026
// 同步 ID: 0e283583 @ Thu Jul 30 07:52:17 UTC 2026
// 重构日志: acc9770a
// 重构日志: 00f2d095
// 重构日志: 7c41aa9f
// 重构日志: 7217e773
// 同步 ID: f1c24393 @ Sun Aug  2 11:49:22 UTC 2026
// 同步 ID: bfce24ee @ Sun Aug  2 14:24:23 UTC 2026
// 同步 ID: 300b1ba6 @ Mon Aug  3 05:58:39 UTC 2026
// 重构日志: 0edcf8ff
// 重构日志: 5813c471
// 重构日志: be63cce6
// 重构日志: b61e73b4
// 重构日志: 4c6287c9
// 同步 ID: fd7f5c98 @ Wed Aug  5 13:44:11 UTC 2026
